../Core/Src/main.c:96:16:Get_Sum_Bitwise	16	static
../Core/Src/main.c:112:13:Blink_Led	8	static
../Core/Src/main.c:126:17:Default_Mod	8	static
../Core/Src/main.c:138:16:Nbrs_Counter	24	static
../Core/Src/main.c:149:14:To_Arr	24	static
../Core/Src/main.c:172:13:Transmit_data	16	static
../Core/Src/main.c:177:13:Transmit_answer	80	static
../Core/Src/main.c:220:13:Echo_UART	8	static
../Core/Src/main.c:242:5:main	8	static
../Core/Src/main.c:295:6:SystemClock_Config	88	static
../Core/Src/main.c:337:13:MX_I2C1_Init	8	static
../Core/Src/main.c:385:13:MX_USART1_UART_Init	8	static
../Core/Src/main.c:420:13:MX_GPIO_Init	48	static
../Core/Src/main.c:485:6:MPU_Config	24	static
../Core/Src/main.c:516:6:Error_Handler	4	static,ignoring_inline_asm
