../Core/Src/main.c:76:16:Get_Sum_Bitwise	16	static
../Core/Src/main.c:93:13:Blink_LED	40	static
../Core/Src/main.c:117:13:Transmit_answer	24	static
../Core/Src/main.c:141:13:Echo_UART	1040	static
../Core/Src/main.c:165:5:main	8	static
../Core/Src/main.c:216:6:SystemClock_Config	88	static
../Core/Src/main.c:258:13:MX_I2C1_Init	8	static
../Core/Src/main.c:306:13:MX_USART1_UART_Init	8	static
../Core/Src/main.c:341:13:MX_GPIO_Init	48	static
../Core/Src/main.c:406:6:MPU_Config	24	static
../Core/Src/main.c:437:6:Error_Handler	4	static,ignoring_inline_asm
